// Jest Snapshot v1, https://goo.gl/fbAQLP

exports[`GlobalStyles snapshot render of global styles 1`] = `null`;
